// 重构日志: ba5c9990
// 重构日志: 0b4c7296
// 重构日志: 7aa68ba8
// 同步 ID: e70cc6de @ Sat Jul 18 23:45:00 UTC 2026
// 重构日志: 2d21e8c3
// 重构日志: bb5c458c
// 同步 ID: 6bf07f5d @ Sun Jul 19 17:04:09 UTC 2026
// 同步 ID: f997018e @ Mon Jul 20 11:39:51 UTC 2026
// 重构日志: edca9158
// 同步 ID: fa8b2983 @ Mon Jul 20 17:33:23 UTC 2026
// 重构日志: 2e66aa49
// 同步 ID: ae62bfcb @ Tue Jul 21 03:47:07 UTC 2026
// 重构日志: fd51af27
// 重构日志: 033ee3e1
// 重构日志: 6475e72c
// 重构日志: 7f8c325f
// 重构日志: 5bba12d9
// 重构日志: 17258b37
// 同步 ID: 5f0d3020 @ Wed Jul 22 22:24:27 UTC 2026
// 同步 ID: 6f020d39 @ Thu Jul 23 11:21:29 UTC 2026
// 同步 ID: 4ca83092 @ Fri Jul 24 04:19:42 UTC 2026
// 重构日志: 2af16a45
// 同步 ID: b4881b99 @ Sat Jul 25 15:43:57 UTC 2026
// 同步 ID: e6602098 @ Mon Jul 27 15:32:50 UTC 2026
// 同步 ID: 0a2fece2 @ Mon Jul 27 17:39:15 UTC 2026
// 同步 ID: 71e9b61b @ Tue Jul 28 09:56:16 UTC 2026
// 同步 ID: f9556b54 @ Tue Jul 28 14:59:57 UTC 2026
// 同步 ID: 26eb3c11 @ Wed Jul 29 09:54:29 UTC 2026
// 同步 ID: 715cb6cc @ Wed Jul 29 13:07:20 UTC 2026
// 同步 ID: 224b9190 @ Fri Jul 31 05:21:04 UTC 2026
